// Jest Snapshot v1, https://goo.gl/fbAQLP

exports[`should match snapshots 1`] = `
<DocumentFragment>
  <div
    class="Card"
  >
    <h4
      class="Card-title"
    >
      Photo by Richard Pasquarella on Unsplash
    </h4>
    <img
      alt="Photo by Richard Pasquarella on Unsplash"
      class="Card-image"
      src="image1.jpg"
    />
    <small
      class="Card-small"
    >
      Image 1 of 3.
    </small>
  </div>
</DocumentFragment>
`;
